device=cuda  amp=torch.bfloat16  scaler=False
step 00001  train_loss=10.8980  train_ppl=54067.44
step 00020  train_loss=6.3493  train_ppl=572.08
step 00040  train_loss=5.4502  train_ppl=232.81
step 00060  train_loss=5.3831  train_ppl=217.69
step 00080  train_loss=4.9790  train_ppl=145.33
step 00100  train_loss=4.8476  train_ppl=127.43
step 00120  train_loss=4.7944  train_ppl=120.83
step 00140  train_loss=4.4634  train_ppl=86.78
step 00160  train_loss=4.3170  train_ppl=74.96
step 00180  train_loss=4.4637  train_ppl=86.80
step 00200  train_loss=4.3170  train_ppl=74.97
step 00200  val_loss=4.7878  val_ppl=120.04
step 00220  train_loss=4.2444  train_ppl=69.71
step 00240  train_loss=4.1685  train_ppl=64.62
step 00260  train_loss=3.9746  train_ppl=53.23
step 00280  train_loss=3.8384  train_ppl=46.45
step 00300  train_loss=4.1130  train_ppl=61.13
step 00320  train_loss=3.9572  train_ppl=52.31
step 00340  train_loss=4.0609  train_ppl=58.03
step 00360  train_loss=3.8672  train_ppl=47.81
step 00380  train_loss=3.5895  train_ppl=36.22
step 00400  train_loss=3.6893  train_ppl=40.02
step 00400  val_loss=4.5724  val_ppl=96.77
sample: ROMEO:
Away, I’ll keep me to a name.

IAGO.
I am I’ll not.

OTHELLO.
No, not, Iago.

OTHELLO.
Good mistress, and I’ll die.

IAGO.
’Tis not’t?

IAGO
step 00420  train_loss=3.4974  train_ppl=33.03
step 00440  train_loss=3.6479  train_ppl=38.39
step 00460  train_loss=3.7285  train_ppl=41.62
step 00480  train_loss=3.8360  train_ppl=46.34
step 00500  train_loss=3.8315  train_ppl=46.13
step 00520  train_loss=3.6499  train_ppl=38.47
step 00540  train_loss=3.5906  train_ppl=36.25
step 00560  train_loss=3.4730  train_ppl=32.23
step 00580  train_loss=3.5558  train_ppl=35.01
step 00600  train_loss=3.4732  train_ppl=32.24
step 00600  val_loss=4.5113  val_ppl=91.04
step 00620  train_loss=3.3537  train_ppl=28.61
step 00640  train_loss=3.3369  train_ppl=28.13
step 00660  train_loss=3.4690  train_ppl=32.10
step 00680  train_loss=3.4565  train_ppl=31.71
step 00700  train_loss=3.6848  train_ppl=39.84
step 00720  train_loss=3.3810  train_ppl=29.40
step 00740  train_loss=3.4996  train_ppl=33.10
step 00760  train_loss=3.4532  train_ppl=31.60
step 00780  train_loss=3.2157  train_ppl=24.92
step 00800  train_loss=3.4047  train_ppl=30.11
step 00800  val_loss=4.4751  val_ppl=87.80
sample: ROMEO: or a woman. 
 
SIR TOBY. 
Heaven 
 
SIR TOBY. 
She never was my very place. 
 
SIR ANDREW. 
You say, sir, it is it. 
 
SIR ANDREW. 
What do you, sir? 
 
SIR
step 00820  train_loss=3.3852  train_ppl=29.52
step 00840  train_loss=3.3349  train_ppl=28.07
step 00860  train_loss=3.2274  train_ppl=25.21
step 00880  train_loss=3.0702  train_ppl=21.55
step 00900  train_loss=3.0542  train_ppl=21.20
step 00920  train_loss=3.2148  train_ppl=24.90
step 00940  train_loss=3.1017  train_ppl=22.24
step 00960  train_loss=3.1000  train_ppl=22.20
step 00980  train_loss=3.2873  train_ppl=26.77
step 01000  train_loss=3.1317  train_ppl=22.91
step 01000  val_loss=4.4940  val_ppl=89.48
step 01020  train_loss=3.0494  train_ppl=21.10
step 01040  train_loss=3.1395  train_ppl=23.09
step 01060  train_loss=3.0768  train_ppl=21.69
step 01080  train_loss=3.0725  train_ppl=21.59
step 01100  train_loss=3.0170  train_ppl=20.43
step 01120  train_loss=2.9429  train_ppl=18.97
step 01140  train_loss=2.8935  train_ppl=18.06
step 01160  train_loss=3.1144  train_ppl=22.52
step 01180  train_loss=2.9590  train_ppl=19.28
step 01200  train_loss=3.1858  train_ppl=24.19
step 01200  val_loss=4.4759  val_ppl=87.87
sample: ROMEO: 
For when the sun were they’d, 
Which they are punish’d, and they ’twixt their lives. 
 
ROMEO. 
Nay, they say the cause is come, 
To give the note to make a lady, 
And therefore little that is, and it best lies. 
’Tis
step 01220  train_loss=3.0043  train_ppl=20.17
step 01240  train_loss=2.7588  train_ppl=15.78
step 01260  train_loss=2.9266  train_ppl=18.66
step 01280  train_loss=2.7172  train_ppl=15.14
step 01300  train_loss=2.8460  train_ppl=17.22
step 01320  train_loss=2.9190  train_ppl=18.52
step 01340  train_loss=2.9896  train_ppl=19.88
step 01360  train_loss=2.9956  train_ppl=20.00
step 01380  train_loss=2.9109  train_ppl=18.37
step 01400  train_loss=2.8186  train_ppl=16.75
step 01400  val_loss=4.5642  val_ppl=95.98
step 01420  train_loss=2.7253  train_ppl=15.26
step 01440  train_loss=2.8064  train_ppl=16.55
step 01460  train_loss=2.7633  train_ppl=15.85
step 01480  train_loss=2.6691  train_ppl=14.43
step 01500  train_loss=2.5641  train_ppl=12.99
step 01520  train_loss=2.7098  train_ppl=15.03
step 01540  train_loss=2.6905  train_ppl=14.74
step 01560  train_loss=2.9709  train_ppl=19.51
step 01580  train_loss=2.6729  train_ppl=14.48
step 01600  train_loss=2.7223  train_ppl=15.22
step 01600  val_loss=4.5825  val_ppl=97.76
sample: ROMEO: thou love thy love, which thou hast, 
In what thou hast condemn’d thee. 
 
ROMEO. 
O where thou art king of love from thee I swear. 
 
ROMEO. 
Nor art thou fair, I love thou love so. 
 
ROMEO. 
That I love with love’s eye
step 01620  train_loss=2.8129  train_ppl=16.66
step 01640  train_loss=2.5688  train_ppl=13.05
step 01660  train_loss=2.7293  train_ppl=15.32
step 01680  train_loss=2.7113  train_ppl=15.05
step 01700  train_loss=2.6762  train_ppl=14.53
step 01720  train_loss=2.2888  train_ppl=9.86
step 01740  train_loss=2.3989  train_ppl=11.01
step 01760  train_loss=2.4085  train_ppl=11.12
step 01780  train_loss=2.4958  train_ppl=12.13
step 01800  train_loss=2.4107  train_ppl=11.14
step 01800  val_loss=4.6280  val_ppl=102.30
step 01820  train_loss=2.4310  train_ppl=11.37
step 01840  train_loss=2.6345  train_ppl=13.94
step 01860  train_loss=2.5717  train_ppl=13.09
step 01880  train_loss=2.4627  train_ppl=11.74
step 01900  train_loss=2.4094  train_ppl=11.13
step 01920  train_loss=2.3830  train_ppl=10.84
step 01940  train_loss=2.4529  train_ppl=11.62
step 01960  train_loss=2.3812  train_ppl=10.82
step 01980  train_loss=2.2963  train_ppl=9.94
step 02000  train_loss=2.2812  train_ppl=9.79
step 02000  val_loss=4.6733  val_ppl=107.05
sample: ROMEO: 
And as a lover and lovers, to die, 
Now I will follow thee when I be sick, 
And leave my Juliet, and I love thee ill. 
O where love is in love? I know thou dost love, 
And thou shalt love, if thou art love with thy love, 
Myself’s love, and in the
step 02020  train_loss=2.4794  train_ppl=11.93
step 02040  train_loss=2.2704  train_ppl=9.68
step 02060  train_loss=2.5793  train_ppl=13.19
step 02080  train_loss=2.3744  train_ppl=10.74
step 02100  train_loss=2.1664  train_ppl=8.73
step 02120  train_loss=2.3465  train_ppl=10.45
step 02140  train_loss=2.1346  train_ppl=8.45
step 02160  train_loss=2.2405  train_ppl=9.40
step 02180  train_loss=2.2964  train_ppl=9.94
step 02200  train_loss=2.3086  train_ppl=10.06
step 02200  val_loss=4.7406  val_ppl=114.50
step 02220  train_loss=2.3266  train_ppl=10.24
step 02240  train_loss=2.3154  train_ppl=10.13
step 02260  train_loss=2.1710  train_ppl=8.77
step 02280  train_loss=2.0948  train_ppl=8.12
step 02300  train_loss=2.1827  train_ppl=8.87
step 02320  train_loss=2.1659  train_ppl=8.72
step 02340  train_loss=2.1212  train_ppl=8.34
step 02360  train_loss=1.9041  train_ppl=6.71
step 02380  train_loss=2.0580  train_ppl=7.83
step 02400  train_loss=2.0286  train_ppl=7.60
step 02400  val_loss=4.8275  val_ppl=124.90
sample: ROMEO: 
’er to Juliet’s pen took heat, 
Which from the holy clouds shall burn the east, 
To see the sun there to the eastward hill 
Will I turn this vaulted down the day’s day. 
Now, by the day, it is the day and night, 
Or day it is, ‘Aj
step 02420  train_loss=2.3913  train_ppl=10.93
step 02440  train_loss=2.0461  train_ppl=7.74
step 02460  train_loss=2.0660  train_ppl=7.89
step 02480  train_loss=2.2628  train_ppl=9.61
step 02500  train_loss=2.0040  train_ppl=7.42
step 02520  train_loss=2.1570  train_ppl=8.65
step 02540  train_loss=2.1008  train_ppl=8.17
step 02560  train_loss=2.1339  train_ppl=8.45
step 02580  train_loss=1.4856  train_ppl=4.42
step 02600  train_loss=1.7991  train_ppl=6.04
step 02600  val_loss=4.8897  val_ppl=132.91
step 02620  train_loss=1.8109  train_ppl=6.12
step 02640  train_loss=1.8793  train_ppl=6.55
step 02660  train_loss=1.8170  train_ppl=6.15
step 02680  train_loss=1.8835  train_ppl=6.58
step 02700  train_loss=2.0459  train_ppl=7.74
step 02720  train_loss=2.0521  train_ppl=7.78
step 02740  train_loss=1.9410  train_ppl=6.97
step 02760  train_loss=1.7757  train_ppl=5.90
step 02780  train_loss=1.8168  train_ppl=6.15
step 02800  train_loss=1.9377  train_ppl=6.94
step 02800  val_loss=4.9949  val_ppl=147.66
sample: ROMEO: 
O, if a wither’d be gone! 
 
JULIET. 
I am not mad, I do love a forward devil. 
 
JULIET. 
Ple Juliet, Nurse, where he stands. 
NURSE. 
The day, and Romeo did make more fair. 
 

step 02820  train_loss=1.8270  train_ppl=6.22
step 02840  train_loss=1.7184  train_ppl=5.58
step 02860  train_loss=1.7707  train_ppl=5.87
step 02880  train_loss=1.9590  train_ppl=7.09
step 02900  train_loss=1.6798  train_ppl=5.36
step 02920  train_loss=2.0431  train_ppl=7.71
step 02940  train_loss=1.8546  train_ppl=6.39
step 02960  train_loss=1.6546  train_ppl=5.23
step 02980  train_loss=1.8633  train_ppl=6.45
step 03000  train_loss=1.6341  train_ppl=5.12
step 03000  val_loss=5.0412  val_ppl=154.65
step 03020  train_loss=1.7232  train_ppl=5.60
step 03040  train_loss=1.7764  train_ppl=5.91
step 03060  train_loss=1.7419  train_ppl=5.71
step 03080  train_loss=1.7466  train_ppl=5.74
step 03100  train_loss=1.7972  train_ppl=6.03
step 03120  train_loss=1.6145  train_ppl=5.03
step 03140  train_loss=1.5320  train_ppl=4.63
step 03160  train_loss=1.6502  train_ppl=5.21
step 03180  train_loss=1.6454  train_ppl=5.18
step 03200  train_loss=1.6119  train_ppl=5.01
step 03200  val_loss=5.1143  val_ppl=166.39
sample: ROMEO: 
Nor shall I stay and weep do love’s for love’s love? 
O day’s eye, that love’s eye doth love, 
In love’s love doth love’s dear delight. 
Yet love could love, but love that love’s love look, 
The other love that love
step 03220  train_loss=1.3772  train_ppl=3.96
step 03240  train_loss=1.5751  train_ppl=4.83
step 03260  train_loss=1.5226  train_ppl=4.58
step 03280  train_loss=1.8713  train_ppl=6.50
step 03300  train_loss=1.5369  train_ppl=4.65
step 03320  train_loss=1.5449  train_ppl=4.69
step 03340  train_loss=1.7813  train_ppl=5.94
step 03360  train_loss=1.5789  train_ppl=4.85
step 03380  train_loss=1.6696  train_ppl=5.31
step 03400  train_loss=1.5941  train_ppl=4.92
step 03400  val_loss=5.1959  val_ppl=180.53
step 03420  train_loss=1.6400  train_ppl=5.16
step 03440  train_loss=0.9377  train_ppl=2.55
step 03460  train_loss=1.3852  train_ppl=4.00
step 03480  train_loss=1.3590  train_ppl=3.89
step 03500  train_loss=1.4178  train_ppl=4.13
step 03520  train_loss=1.3497  train_ppl=3.86
step 03540  train_loss=1.4519  train_ppl=4.27
step 03560  train_loss=1.5974  train_ppl=4.94
step 03580  train_loss=1.6153  train_ppl=5.03
step 03600  train_loss=1.5123  train_ppl=4.54
step 03600  val_loss=5.2615  val_ppl=192.77
sample: ROMEO: 
Ay love’s love’s wring. 
 
JULIET. 
O loving hire thee in love to love’s view, 
And love for love’s love is mine own dear love, 
With my young heart by thy self doth give thee love, 
And daint of nothing new love’
step 03620  train_loss=1.2900  train_ppl=3.63
step 03640  train_loss=1.3525  train_ppl=3.87
step 03660  train_loss=1.5387  train_ppl=4.66
step 03680  train_loss=1.4318  train_ppl=4.19
step 03700  train_loss=1.2780  train_ppl=3.59
step 03720  train_loss=1.3540  train_ppl=3.87
step 03740  train_loss=1.5277  train_ppl=4.61
step 03760  train_loss=1.2552  train_ppl=3.51
step 03780  train_loss=1.5925  train_ppl=4.92
step 03800  train_loss=1.4491  train_ppl=4.26
step 03800  val_loss=5.3269  val_ppl=205.79
step 03820  train_loss=1.2641  train_ppl=3.54
step 03840  train_loss=1.4931  train_ppl=4.45
step 03860  train_loss=1.2488  train_ppl=3.49
step 03880  train_loss=1.3236  train_ppl=3.76
step 03900  train_loss=1.4158  train_ppl=4.12
step 03920  train_loss=1.3362  train_ppl=3.80
step 03940  train_loss=1.3484  train_ppl=3.85
step 03960  train_loss=1.4203  train_ppl=4.14
step 03980  train_loss=1.2206  train_ppl=3.39
step 04000  train_loss=1.1812  train_ppl=3.26
step 04000  val_loss=5.4061  val_ppl=222.75
sample: ROMEO: 
Count thy love’s weakensio’s tongue lives still. 
Who is it then even now, now it is thine eyes, 
That it is thine already, even those sweet air 
Of the fair mansion whereof doth give thee leave, 
That all their fortunes thine own defence can bear. 
Take hence thy spirit
step 04020  train_loss=1.2935  train_ppl=3.65
step 04040  train_loss=1.2901  train_ppl=3.63
step 04060  train_loss=1.2545  train_ppl=3.51
step 04080  train_loss=1.0288  train_ppl=2.80
step 04100  train_loss=1.1866  train_ppl=3.28
step 04120  train_loss=1.1506  train_ppl=3.16
step 04140  train_loss=1.4559  train_ppl=4.29
step 04160  train_loss=1.1837  train_ppl=3.27
step 04180  train_loss=1.1804  train_ppl=3.26
step 04200  train_loss=1.4247  train_ppl=4.16
step 04200  val_loss=5.4808  val_ppl=240.04
step 04220  train_loss=1.2182  train_ppl=3.38
step 04240  train_loss=1.2981  train_ppl=3.66
step 04260  train_loss=1.2317  train_ppl=3.43
step 04280  train_loss=1.2840  train_ppl=3.61
step 04300  train_loss=0.5629  train_ppl=1.76
step 04320  train_loss=1.0662  train_ppl=2.90
step 04340  train_loss=1.0254  train_ppl=2.79
step 04360  train_loss=1.0977  train_ppl=3.00
step 04380  train_loss=1.0489  train_ppl=2.85
step 04400  train_loss=1.1271  train_ppl=3.09
step 04400  val_loss=5.5591  val_ppl=259.58
sample: ROMEO: 
My word’s tongue is soon derived love. 
Nor is so fond of mine eye allow’d too fast; 
For thou wilt die with a gash’d view, 
Leave cunning thy tongue to slavery my sweet. 
All my one, which in thy self be new, 
My eye no thought thou wilt be there
step 04420  train_loss=1.2587  train_ppl=3.52
step 04440  train_loss=1.3225  train_ppl=3.75
step 04460  train_loss=1.1941  train_ppl=3.30
step 04480  train_loss=0.9845  train_ppl=2.68
step 04500  train_loss=1.0411  train_ppl=2.83
step 04520  train_loss=1.2545  train_ppl=3.51
step 04540  train_loss=1.1240  train_ppl=3.08
step 04560  train_loss=0.9932  train_ppl=2.70
step 04580  train_loss=1.0707  train_ppl=2.92
step 04600  train_loss=1.2139  train_ppl=3.37
step 04600  val_loss=5.6277  val_ppl=278.02
step 04620  train_loss=0.9700  train_ppl=2.64
step 04640  train_loss=1.3078  train_ppl=3.70
step 04660  train_loss=1.1790  train_ppl=3.25
step 04680  train_loss=0.9751  train_ppl=2.65
step 04700  train_loss=1.1912  train_ppl=3.29
step 04720  train_loss=0.9946  train_ppl=2.70
step 04740  train_loss=1.0522  train_ppl=2.86
step 04760  train_loss=1.1216  train_ppl=3.07
step 04780  train_loss=1.0292  train_ppl=2.80
step 04800  train_loss=1.0535  train_ppl=2.87
step 04800  val_loss=5.6788  val_ppl=292.59
sample: ROMEO: 
 LONGAVILLE. To sound plainness now to sing. 
 LONGAVILLE. And I will not give them free that for her. 
 Now for the merriness of mine eye. 
 BEROWNE. Thou shouldst not have't with lovers, if they were born. 
 DUMAIN. The reason now, sir, is gone
step 04820  train_loss=1.1231  train_ppl=3.07
step 04840  train_loss=0.9551  train_ppl=2.60
step 04860  train_loss=0.8927  train_ppl=2.44
step 04880  train_loss=1.0227  train_ppl=2.78
step 04900  train_loss=1.0074  train_ppl=2.74
step 04920  train_loss=0.9896  train_ppl=2.69
step 04940  train_loss=0.7875  train_ppl=2.20
step 04960  train_loss=0.9504  train_ppl=2.59
step 04980  train_loss=0.9151  train_ppl=2.50
step 05000  train_loss=1.1604  train_ppl=3.19
step 05000  val_loss=5.7681  val_ppl=319.94
step 05020  train_loss=0.9105  train_ppl=2.49
step 05040  train_loss=0.9205  train_ppl=2.51
step 05060  train_loss=1.1421  train_ppl=3.13
step 05080  train_loss=0.9575  train_ppl=2.61
step 05100  train_loss=1.0553  train_ppl=2.87
step 05120  train_loss=0.9684  train_ppl=2.63
step 05140  train_loss=1.0259  train_ppl=2.79
step 05160  train_loss=0.4047  train_ppl=1.50
step 05180  train_loss=0.8611  train_ppl=2.37
step 05200  train_loss=0.8115  train_ppl=2.25
step 05200  val_loss=5.8197  val_ppl=336.86
sample: ROMEO: 
Then should I wish no love of her intent? 
Or shall I question thee at a home condemn’d, 
When I will hence, there for no man’s trust, 
I must not part from hence, though this be true. 
 
BENVOLIO. 
Bid her speak no more than this, I’
step 05220  train_loss=0.8685  train_ppl=2.38
step 05240  train_loss=0.8434  train_ppl=2.32
step 05260  train_loss=0.9187  train_ppl=2.51
step 05280  train_loss=1.0038  train_ppl=2.73
step 05300  train_loss=1.0966  train_ppl=2.99
step 05320  train_loss=0.9770  train_ppl=2.66
step 05340  train_loss=0.7692  train_ppl=2.16
step 05360  train_loss=0.8245  train_ppl=2.28
step 05380  train_loss=1.0277  train_ppl=2.79
step 05400  train_loss=0.8936  train_ppl=2.44
step 05400  val_loss=5.8939  val_ppl=362.82
step 05420  train_loss=0.7806  train_ppl=2.18
step 05440  train_loss=0.8751  train_ppl=2.40
step 05460  train_loss=0.9898  train_ppl=2.69
step 05480  train_loss=0.7640  train_ppl=2.15
step 05500  train_loss=1.0662  train_ppl=2.90
step 05520  train_loss=0.9360  train_ppl=2.55
step 05540  train_loss=0.7865  train_ppl=2.20
step 05560  train_loss=0.9694  train_ppl=2.64
step 05580  train_loss=0.7962  train_ppl=2.22
step 05600  train_loss=0.8515  train_ppl=2.34
step 05600  val_loss=5.9326  val_ppl=377.14
sample: ROMEO: 
My hope is joy’s love forbear. 
 
JULIET. 
Of what, which love is so rude indeed, 
Should have each scope to talk some good thing. 
 
ROMEO. 
Well, were Romeo, to love give thee joy, 
Should have for love, if love have been in love.
step 05620  train_loss=0.9022  train_ppl=2.46
step 05640  train_loss=0.8375  train_ppl=2.31
step 05660  train_loss=0.8332  train_ppl=2.30
step 05680  train_loss=0.9208  train_ppl=2.51
step 05700  train_loss=0.7701  train_ppl=2.16
step 05720  train_loss=0.6952  train_ppl=2.00
step 05740  train_loss=0.8039  train_ppl=2.23
step 05760  train_loss=0.8036  train_ppl=2.23
step 05780  train_loss=0.7933  train_ppl=2.21
step 05800  train_loss=0.6223  train_ppl=1.86
step 05800  val_loss=5.9791  val_ppl=395.08
step 05820  train_loss=0.7781  train_ppl=2.18
step 05840  train_loss=0.7154  train_ppl=2.04
step 05860  train_loss=0.9396  train_ppl=2.56
step 05880  train_loss=0.7335  train_ppl=2.08
step 05900  train_loss=0.7435  train_ppl=2.10
step 05920  train_loss=0.9361  train_ppl=2.55
step 05940  train_loss=0.7813  train_ppl=2.18
step 05960  train_loss=0.8502  train_ppl=2.34
step 05980  train_loss=0.7959  train_ppl=2.22
step 06000  train_loss=0.8250  train_ppl=2.28
step 06000  val_loss=6.0766  val_ppl=435.54
sample: ROMEO: 
For though she were in love’s joy indeed 
By hold her sad qualities. Well, untied men. 
 
ROMEO. 
Well, well, well, love’s faithful is joy. 
 
BENVOLIO. 
Here’s love, but with a wife, love, one hit so ill. 
step 06020  train_loss=0.2767  train_ppl=1.32
step 06040  train_loss=0.6744  train_ppl=1.96
step 06060  train_loss=0.6596  train_ppl=1.93
step 06080  train_loss=0.6841  train_ppl=1.98
step 06100  train_loss=0.6737  train_ppl=1.96
step 06120  train_loss=0.7181  train_ppl=2.05
step 06140  train_loss=0.8255  train_ppl=2.28
step 06160  train_loss=0.9232  train_ppl=2.52
step 06180  train_loss=0.7927  train_ppl=2.21
step 06200  train_loss=0.6060  train_ppl=1.83
step 06200  val_loss=6.1349  val_ppl=461.67
step 06220  train_loss=0.6771  train_ppl=1.97
step 06240  train_loss=0.8484  train_ppl=2.34
step 06260  train_loss=0.7488  train_ppl=2.11
step 06280  train_loss=0.6443  train_ppl=1.90
step 06300  train_loss=0.7157  train_ppl=2.05
step 06320  train_loss=0.8230  train_ppl=2.28
step 06340  train_loss=0.6012  train_ppl=1.82
step 06360  train_loss=0.8958  train_ppl=2.45
step 06380  train_loss=0.7809  train_ppl=2.18
step 06400  train_loss=0.6297  train_ppl=1.88
step 06400  val_loss=6.1922  val_ppl=488.90
sample: ROMEO: 
It is some desperateness, that have no reason, 
To have no need, how hard Romeo’s fulsome. 
 
ROMEO. 
Ay, sad lovers; for I have heard thee hence. 
 
BENVOLIO. 
Bomeo that love’s Romeo’s fair, 
In love
step 06420  train_loss=0.7898  train_ppl=2.20
step 06440  train_loss=0.6768  train_ppl=1.97
step 06460  train_loss=0.6751  train_ppl=1.96
step 06480  train_loss=0.7762  train_ppl=2.17
step 06500  train_loss=0.6809  train_ppl=1.98
step 06520  train_loss=0.6771  train_ppl=1.97
step 06540  train_loss=0.7406  train_ppl=2.10
step 06560  train_loss=0.6264  train_ppl=1.87
step 06580  train_loss=0.5610  train_ppl=1.75
step 06600  train_loss=0.6716  train_ppl=1.96
step 06600  val_loss=6.2326  val_ppl=509.07
step 06620  train_loss=0.6647  train_ppl=1.94
step 06640  train_loss=0.6686  train_ppl=1.95
step 06660  train_loss=0.5063  train_ppl=1.66
step 06680  train_loss=0.6278  train_ppl=1.87
step 06700  train_loss=0.5635  train_ppl=1.76
step 06720  train_loss=0.7819  train_ppl=2.19
step 06740  train_loss=0.5986  train_ppl=1.82
step 06760  train_loss=0.6090  train_ppl=1.84
step 06780  train_loss=0.7731  train_ppl=2.17
step 06800  train_loss=0.6831  train_ppl=1.98
step 06800  val_loss=6.2867  val_ppl=537.38
sample: ROMEO: 
Nay, I have no bigger. 
And yet the day. You have a man’s end as much. 
It would have it, sir, you have snatch’d it. 
 
ROMEO. 
I pray you, fair maid, 
Doth love you with a week of mine own love. 
Farewell
step 06820  train_loss=0.7188  train_ppl=2.05
step 06840  train_loss=0.6629  train_ppl=1.94
step 06860  train_loss=0.6959  train_ppl=2.01
step 06880  train_loss=0.2113  train_ppl=1.24
step 06900  train_loss=0.5859  train_ppl=1.80
step 06920  train_loss=0.5331  train_ppl=1.70
step 06940  train_loss=0.5677  train_ppl=1.76
step 06960  train_loss=0.5476  train_ppl=1.73
step 06980  train_loss=0.6151  train_ppl=1.85
step 07000  train_loss=0.6969  train_ppl=2.01
step 07000  val_loss=6.3387  val_ppl=566.04
step 07020  train_loss=0.7556  train_ppl=2.13
step 07040  train_loss=0.6483  train_ppl=1.91
step 07060  train_loss=0.4968  train_ppl=1.64
step 07080  train_loss=0.5354  train_ppl=1.71
step 07100  train_loss=0.7052  train_ppl=2.02
step 07120  train_loss=0.6347  train_ppl=1.89
step 07140  train_loss=0.5262  train_ppl=1.69
step 07160  train_loss=0.5966  train_ppl=1.82
step 07180  train_loss=0.6818  train_ppl=1.98
step 07200  train_loss=0.5183  train_ppl=1.68
step 07200  val_loss=6.4393  val_ppl=625.99
sample: ROMEO: 
For but a dream of life’s faithful vow 
I do remember an her at the rate, 
That she was at first the night before, 
And there stars twilled from the east, 
Her Nurse cursed in the clouds be minister’d, 
Or HENRYNARDOKE. 
Go, Nurse, I am gone
step 07220  train_loss=0.7384  train_ppl=2.09
step 07240  train_loss=0.6643  train_ppl=1.94
step 07260  train_loss=0.5256  train_ppl=1.69
step 07280  train_loss=0.6899  train_ppl=1.99
step 07300  train_loss=0.5732  train_ppl=1.77
step 07320  train_loss=0.5673  train_ppl=1.76
step 07340  train_loss=0.6273  train_ppl=1.87
step 07360  train_loss=0.5603  train_ppl=1.75
step 07380  train_loss=0.5678  train_ppl=1.76
step 07400  train_loss=0.6102  train_ppl=1.84
step 07400  val_loss=6.4574  val_ppl=637.42
step 07420  train_loss=0.5357  train_ppl=1.71
step 07440  train_loss=0.4820  train_ppl=1.62
step 07460  train_loss=0.5516  train_ppl=1.74
step 07480  train_loss=0.5532  train_ppl=1.74
step 07500  train_loss=0.5610  train_ppl=1.75
step 07520  train_loss=0.4270  train_ppl=1.53
step 07540  train_loss=0.5429  train_ppl=1.72
step 07560  train_loss=0.4713  train_ppl=1.60
step 07580  train_loss=0.6409  train_ppl=1.90
step 07600  train_loss=0.5076  train_ppl=1.66
step 07600  val_loss=6.4743  val_ppl=648.27
sample: ROMEO: 
I cannot speak of thee at thyself. 
Would I were bound to bound a miss again, 
It could not be thine. dead right noble is not Romeo. 
In your dead is Romeo, and she is dead, 
If e’er I have been, and he is worth the dead. 
And even this, alas, here should
step 07620  train_loss=0.5076  train_ppl=1.66
step 07640  train_loss=0.6563  train_ppl=1.93
step 07660  train_loss=0.5446  train_ppl=1.72
step 07680  train_loss=0.5964  train_ppl=1.82
step 07700  train_loss=0.5576  train_ppl=1.75
step 07720  train_loss=0.5775  train_ppl=1.78
step 07740  train_loss=0.1960  train_ppl=1.22
step 07760  train_loss=0.4911  train_ppl=1.63
step 07780  train_loss=0.4559  train_ppl=1.58
step 07800  train_loss=0.4711  train_ppl=1.60
step 07800  val_loss=6.5326  val_ppl=687.16
step 07820  train_loss=0.4503  train_ppl=1.57
step 07840  train_loss=0.5238  train_ppl=1.69
step 07860  train_loss=0.5834  train_ppl=1.79
step 07880  train_loss=0.6430  train_ppl=1.90
step 07900  train_loss=0.5646  train_ppl=1.76
step 07920  train_loss=0.4231  train_ppl=1.53
step 07940  train_loss=0.4707  train_ppl=1.60
step 07960  train_loss=0.5869  train_ppl=1.80
step 07980  train_loss=0.5339  train_ppl=1.71
step 08000  train_loss=0.4618  train_ppl=1.59
step 08000  val_loss=6.5886  val_ppl=726.73
sample: ROMEO: 
I warrant thee, bound a hence to comfort thee. 
 
ROMEO. 
What, but a dream tonight? You may, come, Nurse, take her hand. 
 
JULIET. 
It may be, Nurse. Though I have provided her in rest 
be behalf. If thou canst, some of that, 

wall=3626.3s  steps=8000  step/s=2.21
peak_mem_MiB=7425.5
